Archive member included to satisfy reference by file (symbol)

j:/prog/st/stm32cubeide_1.9.0/stm32cubeide/plugins/com.st.stm32cube.ide.mcu.externaltools.gnu-tools-for-stm32.10.3-2021.10.win32_1.0.0.202111181127/tools/bin/../lib/gcc/arm-none-eabi/10.3.1/../../../../arm-none-eabi/lib/thumb/v7e-m+dp/hard\libc_nano.a(lib_a-errno.o)
                              ./Core/Src/syscalls.o (__errno)
j:/prog/st/stm32cubeide_1.9.0/stm32cubeide/plugins/com.st.stm32cube.ide.mcu.externaltools.gnu-tools-for-stm32.10.3-2021.10.win32_1.0.0.202111181127/tools/bin/../lib/gcc/arm-none-eabi/10.3.1/../../../../arm-none-eabi/lib/thumb/v7e-m+dp/hard\libc_nano.a(lib_a-exit.o)
                              j:/prog/st/stm32cubeide_1.9.0/stm32cubeide/plugins/com.st.stm32cube.ide.mcu.externaltools.gnu-tools-for-stm32.10.3-2021.10.win32_1.0.0.202111181127/tools/bin/../lib/gcc/arm-none-eabi/10.3.1/../../../../arm-none-eabi/lib/thumb/v7e-m+dp/hard/crt0.o (exit)
j:/prog/st/stm32cubeide_1.9.0/stm32cubeide/plugins/com.st.stm32cube.ide.mcu.externaltools.gnu-tools-for-stm32.10.3-2021.10.win32_1.0.0.202111181127/tools/bin/../lib/gcc/arm-none-eabi/10.3.1/../../../../arm-none-eabi/lib/thumb/v7e-m+dp/hard\libc_nano.a(lib_a-impure.o)
                              j:/prog/st/stm32cubeide_1.9.0/stm32cubeide/plugins/com.st.stm32cube.ide.mcu.externaltools.gnu-tools-for-stm32.10.3-2021.10.win32_1.0.0.202111181127/tools/bin/../lib/gcc/arm-none-eabi/10.3.1/../../../../arm-none-eabi/lib/thumb/v7e-m+dp/hard\libc_nano.a(lib_a-exit.o) (_global_impure_ptr)
j:/prog/st/stm32cubeide_1.9.0/stm32cubeide/plugins/com.st.stm32cube.ide.mcu.externaltools.gnu-tools-for-stm32.10.3-2021.10.win32_1.0.0.202111181127/tools/bin/../lib/gcc/arm-none-eabi/10.3.1/../../../../arm-none-eabi/lib/thumb/v7e-m+dp/hard\libc_nano.a(lib_a-init.o)
                              j:/prog/st/stm32cubeide_1.9.0/stm32cubeide/plugins/com.st.stm32cube.ide.mcu.externaltools.gnu-tools-for-stm32.10.3-2021.10.win32_1.0.0.202111181127/tools/bin/../lib/gcc/arm-none-eabi/10.3.1/../../../../arm-none-eabi/lib/thumb/v7e-m+dp/hard/crt0.o (__libc_init_array)
j:/prog/st/stm32cubeide_1.9.0/stm32cubeide/plugins/com.st.stm32cube.ide.mcu.externaltools.gnu-tools-for-stm32.10.3-2021.10.win32_1.0.0.202111181127/tools/bin/../lib/gcc/arm-none-eabi/10.3.1/../../../../arm-none-eabi/lib/thumb/v7e-m+dp/hard\libc_nano.a(lib_a-memcpy-stub.o)
                              ./Core/Src/main.o (memcpy)
j:/prog/st/stm32cubeide_1.9.0/stm32cubeide/plugins/com.st.stm32cube.ide.mcu.externaltools.gnu-tools-for-stm32.10.3-2021.10.win32_1.0.0.202111181127/tools/bin/../lib/gcc/arm-none-eabi/10.3.1/../../../../arm-none-eabi/lib/thumb/v7e-m+dp/hard\libc_nano.a(lib_a-memset.o)
                              j:/prog/st/stm32cubeide_1.9.0/stm32cubeide/plugins/com.st.stm32cube.ide.mcu.externaltools.gnu-tools-for-stm32.10.3-2021.10.win32_1.0.0.202111181127/tools/bin/../lib/gcc/arm-none-eabi/10.3.1/../../../../arm-none-eabi/lib/thumb/v7e-m+dp/hard/crt0.o (memset)
j:/prog/st/stm32cubeide_1.9.0/stm32cubeide/plugins/com.st.stm32cube.ide.mcu.externaltools.gnu-tools-for-stm32.10.3-2021.10.win32_1.0.0.202111181127/tools/bin/../lib/gcc/arm-none-eabi/10.3.1/thumb/v7e-m+dp/hard\libgcc.a(_aeabi_uldivmod.o)
                              ./Drivers/STM32H7xx_HAL_Driver/Src/stm32h7xx_hal_uart.o (__aeabi_uldivmod)
j:/prog/st/stm32cubeide_1.9.0/stm32cubeide/plugins/com.st.stm32cube.ide.mcu.externaltools.gnu-tools-for-stm32.10.3-2021.10.win32_1.0.0.202111181127/tools/bin/../lib/gcc/arm-none-eabi/10.3.1/thumb/v7e-m+dp/hard\libgcc.a(_udivmoddi4.o)
                              j:/prog/st/stm32cubeide_1.9.0/stm32cubeide/plugins/com.st.stm32cube.ide.mcu.externaltools.gnu-tools-for-stm32.10.3-2021.10.win32_1.0.0.202111181127/tools/bin/../lib/gcc/arm-none-eabi/10.3.1/thumb/v7e-m+dp/hard\libgcc.a(_aeabi_uldivmod.o) (__udivmoddi4)
j:/prog/st/stm32cubeide_1.9.0/stm32cubeide/plugins/com.st.stm32cube.ide.mcu.externaltools.gnu-tools-for-stm32.10.3-2021.10.win32_1.0.0.202111181127/tools/bin/../lib/gcc/arm-none-eabi/10.3.1/thumb/v7e-m+dp/hard\libgcc.a(_dvmd_tls.o)
                              j:/prog/st/stm32cubeide_1.9.0/stm32cubeide/plugins/com.st.stm32cube.ide.mcu.externaltools.gnu-tools-for-stm32.10.3-2021.10.win32_1.0.0.202111181127/tools/bin/../lib/gcc/arm-none-eabi/10.3.1/thumb/v7e-m+dp/hard\libgcc.a(_aeabi_uldivmod.o) (__aeabi_ldiv0)

Discarded input sections

 .text          0x0000000000000000        0x0 j:/prog/st/stm32cubeide_1.9.0/stm32cubeide/plugins/com.st.stm32cube.ide.mcu.externaltools.gnu-tools-for-stm32.10.3-2021.10.win32_1.0.0.202111181127/tools/bin/../lib/gcc/arm-none-eabi/10.3.1/thumb/v7e-m+dp/hard/crti.o
 .data          0x0000000000000000        0x0 j:/prog/st/stm32cubeide_1.9.0/stm32cubeide/plugins/com.st.stm32cube.ide.mcu.externaltools.gnu-tools-for-stm32.10.3-2021.10.win32_1.0.0.202111181127/tools/bin/../lib/gcc/arm-none-eabi/10.3.1/thumb/v7e-m+dp/hard/crti.o
[...]
Memory Configuration

Name             Origin             Length             Attributes
ITCMRAM          0x0000000000000000 0x0000000000010000 xrw
DTCMRAM          0x0000000020000000 0x0000000000020000 xrw
FLASH            0x0000000008000000 0x0000000000100000 xr
RAM_D1           0x0000000024000000 0x0000000000050000 xrw
RAM_D2           0x0000000030000000 0x0000000000008000 xrw
RAM_D3           0x0000000038000000 0x0000000000004000 xrw
*default*        0x0000000000000000 0xffffffffffffffff

Linker script and memory map

LOAD j:/prog/st/stm32cubeide_1.9.0/stm32cubeide/plugins/com.st.stm32cube.ide.mcu.externaltools.gnu-tools-for-stm32.10.3-2021.10.win32_1.0.0.202111181127/tools/bin/../lib/gcc/arm-none-eabi/10.3.1/thumb/v7e-m+dp/hard/crti.o
LOAD j:/prog/st/stm32cubeide_1.9.0/stm32cubeide/plugins/com.st.stm32cube.ide.mcu.externaltools.gnu-tools-for-stm32.10.3-2021.10.win32_1.0.0.202111181127/tools/bin/../lib/gcc/arm-none-eabi/10.3.1/thumb/v7e-m+dp/hard/crtbegin.o
LOAD j:/prog/st/stm32cubeide_1.9.0/stm32cubeide/plugins/com.st.stm32cube.ide.mcu.externaltools.gnu-tools-for-stm32.10.3-2021.10.win32_1.0.0.202111181127/tools/bin/../lib/gcc/arm-none-eabi/10.3.1/../../../../arm-none-eabi/lib/thumb/v7e-m+dp/hard/crt0.o
LOAD ./Core/Src/hex.o
LOAD ./Core/Src/main.o
LOAD ./Core/Src/stm32h7xx_hal_msp.o
LOAD ./Core/Src/stm32h7xx_it.o
LOAD ./Core/Src/syscalls.o
LOAD ./Core/Src/sysmem.o
LOAD ./Core/Src/system_stm32h7xx.o
LOAD ./Core/Startup/startup_stm32h723zgtx.o
LOAD ./Drivers/STM32H7xx_HAL_Driver/Src/stm32h7xx_hal.o
LOAD ./Drivers/STM32H7xx_HAL_Driver/Src/stm32h7xx_hal_cortex.o
LOAD ./Drivers/STM32H7xx_HAL_Driver/Src/stm32h7xx_hal_crc.o
LOAD ./Drivers/STM32H7xx_HAL_Driver/Src/stm32h7xx_hal_crc_ex.o
LOAD ./Drivers/STM32H7xx_HAL_Driver/Src/stm32h7xx_hal_dma.o
LOAD ./Drivers/STM32H7xx_HAL_Driver/Src/stm32h7xx_hal_dma_ex.o
LOAD ./Drivers/STM32H7xx_HAL_Driver/Src/stm32h7xx_hal_eth.o
LOAD ./Drivers/STM32H7xx_HAL_Driver/Src/stm32h7xx_hal_eth_ex.o
LOAD ./Drivers/STM32H7xx_HAL_Driver/Src/stm32h7xx_hal_exti.o
LOAD ./Drivers/STM32H7xx_HAL_Driver/Src/stm32h7xx_hal_flash.o
LOAD ./Drivers/STM32H7xx_HAL_Driver/Src/stm32h7xx_hal_flash_ex.o
LOAD ./Drivers/STM32H7xx_HAL_Driver/Src/stm32h7xx_hal_gpio.o
LOAD ./Drivers/STM32H7xx_HAL_Driver/Src/stm32h7xx_hal_hsem.o
LOAD ./Drivers/STM32H7xx_HAL_Driver/Src/stm32h7xx_hal_i2c.o
LOAD ./Drivers/STM32H7xx_HAL_Driver/Src/stm32h7xx_hal_i2c_ex.o
LOAD ./Drivers/STM32H7xx_HAL_Driver/Src/stm32h7xx_hal_mdma.o
LOAD ./Drivers/STM32H7xx_HAL_Driver/Src/stm32h7xx_hal_pwr.o
LOAD ./Drivers/STM32H7xx_HAL_Driver/Src/stm32h7xx_hal_pwr_ex.o
LOAD ./Drivers/STM32H7xx_HAL_Driver/Src/stm32h7xx_hal_rcc.o
LOAD ./Drivers/STM32H7xx_HAL_Driver/Src/stm32h7xx_hal_rcc_ex.o
LOAD ./Drivers/STM32H7xx_HAL_Driver/Src/stm32h7xx_hal_tim.o
LOAD ./Drivers/STM32H7xx_HAL_Driver/Src/stm32h7xx_hal_tim_ex.o
LOAD ./Drivers/STM32H7xx_HAL_Driver/Src/stm32h7xx_hal_uart.o
LOAD ./Drivers/STM32H7xx_HAL_Driver/Src/stm32h7xx_hal_uart_ex.o
START GROUP
LOAD j:/prog/st/stm32cubeide_1.9.0/stm32cubeide/plugins/com.st.stm32cube.ide.mcu.externaltools.gnu-tools-for-stm32.10.3-2021.10.win32_1.0.0.202111181127/tools/bin/../lib/gcc/arm-none-eabi/10.3.1/../../../../arm-none-eabi/lib/thumb/v7e-m+dp/hard\libc_nano.a
LOAD j:/prog/st/stm32cubeide_1.9.0/stm32cubeide/plugins/com.st.stm32cube.ide.mcu.externaltools.gnu-tools-for-stm32.10.3-2021.10.win32_1.0.0.202111181127/tools/bin/../lib/gcc/arm-none-eabi/10.3.1/../../../../arm-none-eabi/lib/thumb/v7e-m+dp/hard\libm.a
END GROUP
START GROUP
LOAD j:/prog/st/stm32cubeide_1.9.0/stm32cubeide/plugins/com.st.stm32cube.ide.mcu.externaltools.gnu-tools-for-stm32.10.3-2021.10.win32_1.0.0.202111181127/tools/bin/../lib/gcc/arm-none-eabi/10.3.1/thumb/v7e-m+dp/hard\libgcc.a
LOAD j:/prog/st/stm32cubeide_1.9.0/stm32cubeide/plugins/com.st.stm32cube.ide.mcu.externaltools.gnu-tools-for-stm32.10.3-2021.10.win32_1.0.0.202111181127/tools/bin/../lib/gcc/arm-none-eabi/10.3.1/../../../../arm-none-eabi/lib/thumb/v7e-m+dp/hard\libc_nano.a
END GROUP
START GROUP
LOAD j:/prog/st/stm32cubeide_1.9.0/stm32cubeide/plugins/com.st.stm32cube.ide.mcu.externaltools.gnu-tools-for-stm32.10.3-2021.10.win32_1.0.0.202111181127/tools/bin/../lib/gcc/arm-none-eabi/10.3.1/thumb/v7e-m+dp/hard\libgcc.a
LOAD j:/prog/st/stm32cubeide_1.9.0/stm32cubeide/plugins/com.st.stm32cube.ide.mcu.externaltools.gnu-tools-for-stm32.10.3-2021.10.win32_1.0.0.202111181127/tools/bin/../lib/gcc/arm-none-eabi/10.3.1/../../../../arm-none-eabi/lib/thumb/v7e-m+dp/hard\libc_nano.a
LOAD j:/prog/st/stm32cubeide_1.9.0/stm32cubeide/plugins/com.st.stm32cube.ide.mcu.externaltools.gnu-tools-for-stm32.10.3-2021.10.win32_1.0.0.202111181127/tools/bin/../lib/gcc/arm-none-eabi/10.3.1/../../../../arm-none-eabi/lib/thumb/v7e-m+dp/hard\libnosys.a
END GROUP
START GROUP
LOAD j:/prog/st/stm32cubeide_1.9.0/stm32cubeide/plugins/com.st.stm32cube.ide.mcu.externaltools.gnu-tools-for-stm32.10.3-2021.10.win32_1.0.0.202111181127/tools/bin/../lib/gcc/arm-none-eabi/10.3.1/thumb/v7e-m+dp/hard\libgcc.a
LOAD j:/prog/st/stm32cubeide_1.9.0/stm32cubeide/plugins/com.st.stm32cube.ide.mcu.externaltools.gnu-tools-for-stm32.10.3-2021.10.win32_1.0.0.202111181127/tools/bin/../lib/gcc/arm-none-eabi/10.3.1/../../../../arm-none-eabi/lib/thumb/v7e-m+dp/hard\libc_nano.a
LOAD j:/prog/st/stm32cubeide_1.9.0/stm32cubeide/plugins/com.st.stm32cube.ide.mcu.externaltools.gnu-tools-for-stm32.10.3-2021.10.win32_1.0.0.202111181127/tools/bin/../lib/gcc/arm-none-eabi/10.3.1/../../../../arm-none-eabi/lib/thumb/v7e-m+dp/hard\libnosys.a
END GROUP
LOAD j:/prog/st/stm32cubeide_1.9.0/stm32cubeide/plugins/com.st.stm32cube.ide.mcu.externaltools.gnu-tools-for-stm32.10.3-2021.10.win32_1.0.0.202111181127/tools/bin/../lib/gcc/arm-none-eabi/10.3.1/thumb/v7e-m+dp/hard/crtend.o
LOAD j:/prog/st/stm32cubeide_1.9.0/stm32cubeide/plugins/com.st.stm32cube.ide.mcu.externaltools.gnu-tools-for-stm32.10.3-2021.10.win32_1.0.0.202111181127/tools/bin/../lib/gcc/arm-none-eabi/10.3.1/thumb/v7e-m+dp/hard/crtn.o
                0x0000000024050000                _estack = (ORIGIN (RAM_D1) + LENGTH (RAM_D1))
                0x0000000000000200                _Min_Heap_Size = 0x200
                0x0000000000000400                _Min_Stack_Size = 0x400

.isr_vector     0x0000000008000000      0x2cc
                0x0000000008000000                . = ALIGN (0x4)
 *(.isr_vector)
 .isr_vector    0x0000000008000000      0x2cc ./Core/Startup/startup_stm32h723zgtx.o
                0x0000000008000000                g_pfnVectors
                0x00000000080002cc                . = ALIGN (0x4)

.text           0x00000000080002cc     0x5e78
                0x00000000080002cc                . = ALIGN (0x4)
 *(.text)
 .text          0x00000000080002cc       0x40 j:/prog/st/stm32cubeide_1.9.0/stm32cubeide/plugins/com.st.stm32cube.ide.mcu.externaltools.gnu-tools-for-stm32.10.3-2021.10.win32_1.0.0.202111181127/tools/bin/../lib/gcc/arm-none-eabi/10.3.1/thumb/v7e-m+dp/hard/crtbegin.o
 .text          0x000000000800030c       0x30 j:/prog/st/stm32cubeide_1.9.0/stm32cubeide/plugins/com.st.stm32cube.ide.mcu.externaltools.gnu-tools-for-stm32.10.3-2021.10.win32_1.0.0.202111181127/tools/bin/../lib/gcc/arm-none-eabi/10.3.1/thumb/v7e-m+dp/hard\libgcc.a(_aeabi_uldivmod.o)
                0x000000000800030c                __aeabi_uldivmod
 .text          0x000000000800033c      0x2d0 j:/prog/st/stm32cubeide_1.9.0/stm32cubeide/plugins/com.st.stm32cube.ide.mcu.externaltools.gnu-tools-for-stm32.10.3-2021.10.win32_1.0.0.202111181127/tools/bin/../lib/gcc/arm-none-eabi/10.3.1/thumb/v7e-m+dp/hard\libgcc.a(_udivmoddi4.o)
                0x000000000800033c                __udivmoddi4
 .text          0x000000000800060c        0x4 j:/prog/st/stm32cubeide_1.9.0/stm32cubeide/plugins/com.st.stm32cube.ide.mcu.externaltools.gnu-tools-for-stm32.10.3-2021.10.win32_1.0.0.202111181127/tools/bin/../lib/gcc/arm-none-eabi/10.3.1/thumb/v7e-m+dp/hard\libgcc.a(_dvmd_tls.o)
                0x000000000800060c                __aeabi_idiv0
                0x000000000800060c                __aeabi_ldiv0
 *(.text*)
 .text.HexCharToByte
                0x0000000008000610       0x54 ./Core/Src/hex.o
 .text.getByte  0x0000000008000664       0x78 ./Core/Src/hex.o
                0x0000000008000664                getByte
 .text.datacopy
                0x00000000080006dc       0x7e ./Core/Src/hex.o
                0x00000000080006dc                datacopy
 .text.crcCheck
                0x000000000800075a       0xb6 ./Core/Src/hex.o
                0x000000000800075a                crcCheck
 .text.getFromHex
                0x0000000008000810      0x1c8 ./Core/Src/hex.o
                0x0000000008000810                getFromHex
 .text.main     0x00000000080009d8      0x158 ./Core/Src/main.o
                0x00000000080009d8                main
 .text.SystemClock_Config
                0x0000000008000b30       0xe0 ./Core/Src/main.o
                0x0000000008000b30                SystemClock_Config
 .text.MX_CRC_Init
                0x0000000008000c10       0x44 ./Core/Src/main.o
 .text.MX_ETH_Init
                0x0000000008000c54       0x98 ./Core/Src/main.o
 .text.MX_USART3_UART_Init
                0x0000000008000cec       0x98 ./Core/Src/main.o
 .text.MX_USB_OTG_HS_USB_Init
                0x0000000008000d84        0xe ./Core/Src/main.o
 *fill*         0x0000000008000d92        0x2 
 .text.MX_GPIO_Init
                0x0000000008000d94      0x1f8 ./Core/Src/main.o
 .text.Error_Handler
                0x0000000008000f8c        0xa ./Core/Src/main.o
                0x0000000008000f8c                Error_Handler
 *fill*         0x0000000008000f96        0x2 
 .text.HAL_MspInit
                0x0000000008000f98       0x34 ./Core/Src/stm32h7xx_hal_msp.o
                0x0000000008000f98                HAL_MspInit
 .text.HAL_CRC_MspInit
                0x0000000008000fcc       0x44 ./Core/Src/stm32h7xx_hal_msp.o
                0x0000000008000fcc                HAL_CRC_MspInit
 .text.HAL_ETH_MspInit
                0x0000000008001010      0x19c ./Core/Src/stm32h7xx_hal_msp.o
                0x0000000008001010                HAL_ETH_MspInit
 .text.HAL_UART_MspInit
                0x00000000080011ac       0xcc ./Core/Src/stm32h7xx_hal_msp.o
                0x00000000080011ac                HAL_UART_MspInit
 .text.NMI_Handler
                0x0000000008001278        0x6 ./Core/Src/stm32h7xx_it.o
                0x0000000008001278                NMI_Handler
 .text.HardFault_Handler
                0x000000000800127e        0x6 ./Core/Src/stm32h7xx_it.o
                0x000000000800127e                HardFault_Handler
 .text.MemManage_Handler
                0x0000000008001284        0x6 ./Core/Src/stm32h7xx_it.o
                0x0000000008001284                MemManage_Handler
 .text.BusFault_Handler
                0x000000000800128a        0x6 ./Core/Src/stm32h7xx_it.o
                0x000000000800128a                BusFault_Handler
 .text.UsageFault_Handler
                0x0000000008001290        0x6 ./Core/Src/stm32h7xx_it.o
                0x0000000008001290                UsageFault_Handler
 .text.SVC_Handler
                0x0000000008001296        0xe ./Core/Src/stm32h7xx_it.o
                0x0000000008001296                SVC_Handler
 .text.DebugMon_Handler
                0x00000000080012a4        0xe ./Core/Src/stm32h7xx_it.o
                0x00000000080012a4                DebugMon_Handler
 .text.PendSV_Handler
                0x00000000080012b2        0xe ./Core/Src/stm32h7xx_it.o
                0x00000000080012b2                PendSV_Handler
 .text.SysTick_Handler
                0x00000000080012c0        0xc ./Core/Src/stm32h7xx_it.o
                0x00000000080012c0                SysTick_Handler
 .text.SystemInit
                0x00000000080012cc       0xf0 ./Core/Src/system_stm32h7xx.o
                0x00000000080012cc                SystemInit
 .text.Reset_Handler
                0x00000000080013bc       0x50 ./Core/Startup/startup_stm32h723zgtx.o
                0x00000000080013bc                Reset_Handler
 .text.Default_Handler
                0x000000000800140c        0x2 ./Core/Startup/startup_stm32h723zgtx.o
                0x000000000800140c                RTC_Alarm_IRQHandler
                0x000000000800140c                EXTI2_IRQHandler
                0x000000000800140c                TIM8_CC_IRQHandler
                0x000000000800140c                UART8_IRQHandler
                0x000000000800140c                SPI4_IRQHandler
                0x000000000800140c                FDCAN3_IT0_IRQHandler
                0x000000000800140c                TIM1_CC_IRQHandler
                0x000000000800140c                BDMA_Channel6_IRQHandler
                0x000000000800140c                DMA2_Stream5_IRQHandler
                0x000000000800140c                DMA1_Stream5_IRQHandler
                0x000000000800140c                CORDIC_IRQHandler
                0x000000000800140c                BDMA_Channel1_IRQHandler
                0x000000000800140c                TAMP_STAMP_IRQHandler
                0x000000000800140c                EXTI3_IRQHandler
                0x000000000800140c                LPTIM4_IRQHandler
                0x000000000800140c                TIM8_TRG_COM_TIM14_IRQHandler
                0x000000000800140c                LPTIM2_IRQHandler
                0x000000000800140c                DFSDM1_FLT1_IRQHandler
                0x000000000800140c                DMAMUX2_OVR_IRQHandler
                0x000000000800140c                TIM8_UP_TIM13_IRQHandler
                0x000000000800140c                I2C3_ER_IRQHandler
                0x000000000800140c                DFSDM1_FLT2_IRQHandler
                0x000000000800140c                I2C5_EV_IRQHandler
                0x000000000800140c                USART10_IRQHandler
                0x000000000800140c                MDMA_IRQHandler
                0x000000000800140c                LPTIM3_IRQHandler
                0x000000000800140c                HSEM1_IRQHandler
                0x000000000800140c                EXTI0_IRQHandler
                0x000000000800140c                I2C2_EV_IRQHandler
                0x000000000800140c                DMA1_Stream2_IRQHandler
                0x000000000800140c                FPU_IRQHandler
                0x000000000800140c                OTG_HS_WKUP_IRQHandler
                0x000000000800140c                FDCAN1_IT1_IRQHandler
                0x000000000800140c                LTDC_ER_IRQHandler
                0x000000000800140c                DMA2_Stream2_IRQHandler
                0x000000000800140c                SPI1_IRQHandler
                0x000000000800140c                OCTOSPI1_IRQHandler
                0x000000000800140c                TIM6_DAC_IRQHandler
                0x000000000800140c                DMA2_Stream3_IRQHandler
                0x000000000800140c                OCTOSPI2_IRQHandler
                0x000000000800140c                DFSDM1_FLT3_IRQHandler
                0x000000000800140c                TIM23_IRQHandler
                0x000000000800140c                USART6_IRQHandler
                0x000000000800140c                TIM17_IRQHandler
                0x000000000800140c                USART3_IRQHandler
                0x000000000800140c                BDMA_Channel7_IRQHandler
                0x000000000800140c                LPTIM5_IRQHandler
                0x000000000800140c                UART5_IRQHandler
                0x000000000800140c                ADC3_IRQHandler
                0x000000000800140c                DMA2_Stream0_IRQHandler
                0x000000000800140c                TIM4_IRQHandler
                0x000000000800140c                BDMA_Channel2_IRQHandler
                0x000000000800140c                I2C1_EV_IRQHandler
                0x000000000800140c                DMA1_Stream6_IRQHandler
                0x000000000800140c                DMAMUX1_OVR_IRQHandler
                0x000000000800140c                DMA1_Stream1_IRQHandler
                0x000000000800140c                TIM16_IRQHandler
                0x000000000800140c                UART4_IRQHandler
                0x000000000800140c                BDMA_Channel5_IRQHandler
                0x000000000800140c                TIM3_IRQHandler
                0x000000000800140c                RCC_IRQHandler
                0x000000000800140c                UART9_IRQHandler
                0x000000000800140c                TIM8_BRK_TIM12_IRQHandler
                0x000000000800140c                TIM1_TRG_COM_IRQHandler
                0x000000000800140c                Default_Handler
                0x000000000800140c                ECC_IRQHandler
                0x000000000800140c                FMAC_IRQHandler
                0x000000000800140c                CEC_IRQHandler
                0x000000000800140c                EXTI15_10_IRQHandler
                0x000000000800140c                BDMA_Channel0_IRQHandler
                0x000000000800140c                ADC_IRQHandler
                0x000000000800140c                I2C5_ER_IRQHandler
                0x000000000800140c                DMA1_Stream7_IRQHandler
                0x000000000800140c                SPI5_IRQHandler
                0x000000000800140c                TIM7_IRQHandler
                0x000000000800140c                FDCAN3_IT1_IRQHandler
                0x000000000800140c                SDMMC1_IRQHandler
                0x000000000800140c                TIM5_IRQHandler
                0x000000000800140c                DMA2_Stream7_IRQHandler
                0x000000000800140c                TIM15_IRQHandler
                0x000000000800140c                PVD_AVD_IRQHandler
                0x000000000800140c                I2C3_EV_IRQHandler
                0x000000000800140c                EXTI9_5_IRQHandler
                0x000000000800140c                RTC_WKUP_IRQHandler
                0x000000000800140c                LTDC_IRQHandler
                0x000000000800140c                ETH_WKUP_IRQHandler
                0x000000000800140c                SPDIF_RX_IRQHandler
                0x000000000800140c                SPI2_IRQHandler
                0x000000000800140c                OTG_HS_EP1_IN_IRQHandler
                0x000000000800140c                DMA1_Stream0_IRQHandler
                0x000000000800140c                TIM24_IRQHandler
                0x000000000800140c                CRS_IRQHandler
                0x000000000800140c                EXTI4_IRQHandler
                0x000000000800140c                RNG_IRQHandler
                0x000000000800140c                FDCAN2_IT1_IRQHandler
                0x000000000800140c                ETH_IRQHandler
                0x000000000800140c                TIM1_UP_IRQHandler
                0x000000000800140c                BDMA_Channel4_IRQHandler
                0x000000000800140c                OTG_HS_EP1_OUT_IRQHandler
                0x000000000800140c                WWDG_IRQHandler
                0x000000000800140c                SPI6_IRQHandler
                0x000000000800140c                MDIOS_IRQHandler
                0x000000000800140c                I2C4_EV_IRQHandler
                0x000000000800140c                FDCAN2_IT0_IRQHandler
                0x000000000800140c                LPUART1_IRQHandler
                0x000000000800140c                FDCAN1_IT0_IRQHandler
                0x000000000800140c                TIM2_IRQHandler
                0x000000000800140c                OTG_HS_IRQHandler
                0x000000000800140c                DMA2D_IRQHandler
                0x000000000800140c                TIM1_BRK_IRQHandler
                0x000000000800140c                EXTI1_IRQHandler
                0x000000000800140c                SDMMC2_IRQHandler
                0x000000000800140c                BDMA_Channel3_IRQHandler
                0x000000000800140c                DTS_IRQHandler
                0x000000000800140c                UART7_IRQHandler
                0x000000000800140c                MDIOS_WKUP_IRQHandler
                0x000000000800140c                USART2_IRQHandler
                0x000000000800140c                DFSDM1_FLT0_IRQHandler
                0x000000000800140c                SAI4_IRQHandler
                0x000000000800140c                I2C2_ER_IRQHandler
                0x000000000800140c                DMA2_Stream1_IRQHandler
                0x000000000800140c                FLASH_IRQHandler
                0x000000000800140c                DMA2_Stream4_IRQHandler
                0x000000000800140c                USART1_IRQHandler
                0x000000000800140c                SPI3_IRQHandler
                0x000000000800140c                WAKEUP_PIN_IRQHandler
                0x000000000800140c                DMA1_Stream4_IRQHandler
                0x000000000800140c                I2C1_ER_IRQHandler
                0x000000000800140c                FMC_IRQHandler
                0x000000000800140c                FDCAN_CAL_IRQHandler
                0x000000000800140c                SWPMI1_IRQHandler
                0x000000000800140c                COMP1_IRQHandler
                0x000000000800140c                LPTIM1_IRQHandler
                0x000000000800140c                DCMI_PSSI_IRQHandler
                0x000000000800140c                I2C4_ER_IRQHandler
                0x000000000800140c                DMA2_Stream6_IRQHandler
                0x000000000800140c                SAI1_IRQHandler
                0x000000000800140c                DMA1_Stream3_IRQHandler
 *fill*         0x000000000800140e        0x2 
 .text.HAL_Init
                0x0000000008001410       0x78 ./Drivers/STM32H7xx_HAL_Driver/Src/stm32h7xx_hal.o
                0x0000000008001410                HAL_Init
 .text.HAL_InitTick
                0x0000000008001488       0x6c ./Drivers/STM32H7xx_HAL_Driver/Src/stm32h7xx_hal.o
                0x0000000008001488                HAL_InitTick
 .text.HAL_IncTick
                0x00000000080014f4       0x28 ./Drivers/STM32H7xx_HAL_Driver/Src/stm32h7xx_hal.o
                0x00000000080014f4                HAL_IncTick
 .text.HAL_GetTick
                0x000000000800151c       0x18 ./Drivers/STM32H7xx_HAL_Driver/Src/stm32h7xx_hal.o
                0x000000000800151c                HAL_GetTick
 .text.HAL_Delay
                0x0000000008001534       0x48 ./Drivers/STM32H7xx_HAL_Driver/Src/stm32h7xx_hal.o
                0x0000000008001534                HAL_Delay
 .text.HAL_SYSCFG_ETHInterfaceSelect
                0x000000000800157c       0x28 ./Drivers/STM32H7xx_HAL_Driver/Src/stm32h7xx_hal.o
                0x000000000800157c                HAL_SYSCFG_ETHInterfaceSelect
 .text.__NVIC_SetPriorityGrouping
                0x00000000080015a4       0x48 ./Drivers/STM32H7xx_HAL_Driver/Src/stm32h7xx_hal_cortex.o
 .text.__NVIC_GetPriorityGrouping
                0x00000000080015ec       0x1c ./Drivers/STM32H7xx_HAL_Driver/Src/stm32h7xx_hal_cortex.o
 .text.__NVIC_SetPriority
                0x0000000008001608       0x54 ./Drivers/STM32H7xx_HAL_Driver/Src/stm32h7xx_hal_cortex.o
 .text.NVIC_EncodePriority
                0x000000000800165c       0x66 ./Drivers/STM32H7xx_HAL_Driver/Src/stm32h7xx_hal_cortex.o
 *fill*         0x00000000080016c2        0x2 
 .text.SysTick_Config
                0x00000000080016c4       0x44 ./Drivers/STM32H7xx_HAL_Driver/Src/stm32h7xx_hal_cortex.o
 .text.HAL_NVIC_SetPriorityGrouping
                0x0000000008001708       0x16 ./Drivers/STM32H7xx_HAL_Driver/Src/stm32h7xx_hal_cortex.o
                0x0000000008001708                HAL_NVIC_SetPriorityGrouping
 .text.HAL_NVIC_SetPriority
                0x000000000800171e       0x34 ./Drivers/STM32H7xx_HAL_Driver/Src/stm32h7xx_hal_cortex.o
                0x000000000800171e                HAL_NVIC_SetPriority
 .text.HAL_SYSTICK_Config
                0x0000000008001752       0x18 ./Drivers/STM32H7xx_HAL_Driver/Src/stm32h7xx_hal_cortex.o
                0x0000000008001752                HAL_SYSTICK_Config
 *fill*         0x000000000800176a        0x2 
 .text.HAL_CRC_Init
                0x000000000800176c       0xc8 ./Drivers/STM32H7xx_HAL_Driver/Src/stm32h7xx_hal_crc.o
                0x000000000800176c                HAL_CRC_Init
 .text.HAL_CRCEx_Polynomial_Set
                0x0000000008001834      0x10c ./Drivers/STM32H7xx_HAL_Driver/Src/stm32h7xx_hal_crc_ex.o
                0x0000000008001834                HAL_CRCEx_Polynomial_Set
 .text.HAL_ETH_Init
                0x0000000008001940      0x1cc ./Drivers/STM32H7xx_HAL_Driver/Src/stm32h7xx_hal_eth.o
                0x0000000008001940                HAL_ETH_Init
 .text.HAL_ETH_SetMDIOClockRange
                0x0000000008001b0c       0xb0 ./Drivers/STM32H7xx_HAL_Driver/Src/stm32h7xx_hal_eth.o
                0x0000000008001b0c                HAL_ETH_SetMDIOClockRange
 .text.ETH_SetMACConfig
                0x0000000008001bbc      0x238 ./Drivers/STM32H7xx_HAL_Driver/Src/stm32h7xx_hal_eth.o
 .text.ETH_SetDMAConfig
                0x0000000008001df4      0x10c ./Drivers/STM32H7xx_HAL_Driver/Src/stm32h7xx_hal_eth.o
 .text.ETH_MACDMAConfig
                0x0000000008001f00      0x13a ./Drivers/STM32H7xx_HAL_Driver/Src/stm32h7xx_hal_eth.o
 .text.ETH_DMATxDescListInit
                0x000000000800203a       0x92 ./Drivers/STM32H7xx_HAL_Driver/Src/stm32h7xx_hal_eth.o
 .text.ETH_DMARxDescListInit
                0x00000000080020cc       0xba ./Drivers/STM32H7xx_HAL_Driver/Src/stm32h7xx_hal_eth.o
 *fill*         0x0000000008002186        0x2 
 .text.HAL_FLASH_Program
                0x0000000008002188       0xdc ./Drivers/STM32H7xx_HAL_Driver/Src/stm32h7xx_hal_flash.o
                0x0000000008002188                HAL_FLASH_Program
 .text.HAL_FLASH_Unlock
                0x0000000008002264       0x44 ./Drivers/STM32H7xx_HAL_Driver/Src/stm32h7xx_hal_flash.o
                0x0000000008002264                HAL_FLASH_Unlock
 .text.HAL_FLASH_Lock
                0x00000000080022a8       0x30 ./Drivers/STM32H7xx_HAL_Driver/Src/stm32h7xx_hal_flash.o
                0x00000000080022a8                HAL_FLASH_Lock
 .text.FLASH_WaitForLastOperation
                0x00000000080022d8       0xac ./Drivers/STM32H7xx_HAL_Driver/Src/stm32h7xx_hal_flash.o
                0x00000000080022d8                FLASH_WaitForLastOperation
 .text.HAL_FLASHEx_Erase
                0x0000000008002384      0x118 ./Drivers/STM32H7xx_HAL_Driver/Src/stm32h7xx_hal_flash_ex.o
                0x0000000008002384                HAL_FLASHEx_Erase
 .text.FLASH_MassErase
                0x000000000800249c       0x48 ./Drivers/STM32H7xx_HAL_Driver/Src/stm32h7xx_hal_flash_ex.o
 .text.FLASH_Erase_Sector
                0x00000000080024e4       0x48 ./Drivers/STM32H7xx_HAL_Driver/Src/stm32h7xx_hal_flash_ex.o
                0x00000000080024e4                FLASH_Erase_Sector
 .text.HAL_GPIO_Init
                0x000000000800252c      0x350 ./Drivers/STM32H7xx_HAL_Driver/Src/stm32h7xx_hal_gpio.o
                0x000000000800252c                HAL_GPIO_Init
 .text.HAL_GPIO_WritePin
                0x000000000800287c       0x32 ./Drivers/STM32H7xx_HAL_Driver/Src/stm32h7xx_hal_gpio.o
                0x000000000800287c                HAL_GPIO_WritePin
 *fill*         0x00000000080028ae        0x2 
 .text.HAL_PWREx_ConfigSupply
                0x00000000080028b0       0x74 ./Drivers/STM32H7xx_HAL_Driver/Src/stm32h7xx_hal_pwr_ex.o
                0x00000000080028b0                HAL_PWREx_ConfigSupply
 .text.HAL_RCC_OscConfig
                0x0000000008002924      0x75c ./Drivers/STM32H7xx_HAL_Driver/Src/stm32h7xx_hal_rcc.o
                0x0000000008002924                HAL_RCC_OscConfig
 .text.HAL_RCC_ClockConfig
                0x0000000008003080      0x36c ./Drivers/STM32H7xx_HAL_Driver/Src/stm32h7xx_hal_rcc.o
                0x0000000008003080                HAL_RCC_ClockConfig
 .text.HAL_RCC_GetSysClockFreq
                0x00000000080033ec      0x2f4 ./Drivers/STM32H7xx_HAL_Driver/Src/stm32h7xx_hal_rcc.o
                0x00000000080033ec                HAL_RCC_GetSysClockFreq
 .text.HAL_RCC_GetHCLKFreq
                0x00000000080036e0       0x60 ./Drivers/STM32H7xx_HAL_Driver/Src/stm32h7xx_hal_rcc.o
                0x00000000080036e0                HAL_RCC_GetHCLKFreq
 .text.HAL_RCC_GetPCLK1Freq
                0x0000000008003740       0x2c ./Drivers/STM32H7xx_HAL_Driver/Src/stm32h7xx_hal_rcc.o
                0x0000000008003740                HAL_RCC_GetPCLK1Freq
 .text.HAL_RCC_GetPCLK2Freq
                0x000000000800376c       0x2c ./Drivers/STM32H7xx_HAL_Driver/Src/stm32h7xx_hal_rcc.o
                0x000000000800376c                HAL_RCC_GetPCLK2Freq
 .text.HAL_RCCEx_PeriphCLKConfig
                0x0000000008003798      0xdf4 ./Drivers/STM32H7xx_HAL_Driver/Src/stm32h7xx_hal_rcc_ex.o
                0x0000000008003798                HAL_RCCEx_PeriphCLKConfig
 .text.HAL_RCCEx_GetD3PCLK1Freq
                0x000000000800458c       0x2c ./Drivers/STM32H7xx_HAL_Driver/Src/stm32h7xx_hal_rcc_ex.o
                0x000000000800458c                HAL_RCCEx_GetD3PCLK1Freq
 .text.HAL_RCCEx_GetPLL2ClockFreq
                0x00000000080045b8      0x2a8 ./Drivers/STM32H7xx_HAL_Driver/Src/stm32h7xx_hal_rcc_ex.o
                0x00000000080045b8                HAL_RCCEx_GetPLL2ClockFreq
 .text.HAL_RCCEx_GetPLL3ClockFreq
                0x0000000008004860      0x2a8 ./Drivers/STM32H7xx_HAL_Driver/Src/stm32h7xx_hal_rcc_ex.o
                0x0000000008004860                HAL_RCCEx_GetPLL3ClockFreq
 .text.RCCEx_PLL2_Config
                0x0000000008004b08      0x164 ./Drivers/STM32H7xx_HAL_Driver/Src/stm32h7xx_hal_rcc_ex.o
 .text.RCCEx_PLL3_Config
                0x0000000008004c6c      0x164 ./Drivers/STM32H7xx_HAL_Driver/Src/stm32h7xx_hal_rcc_ex.o
 .text.HAL_UART_Init
                0x0000000008004dd0       0xa0 ./Drivers/STM32H7xx_HAL_Driver/Src/stm32h7xx_hal_uart.o
                0x0000000008004dd0                HAL_UART_Init
 .text.UART_SetConfig
                0x0000000008004e70      0xcd8 ./Drivers/STM32H7xx_HAL_Driver/Src/stm32h7xx_hal_uart.o
                0x0000000008004e70                UART_SetConfig
 .text.UART_AdvFeatureConfig
                0x0000000008005b48      0x144 ./Drivers/STM32H7xx_HAL_Driver/Src/stm32h7xx_hal_uart.o
                0x0000000008005b48                UART_AdvFeatureConfig
 .text.UART_CheckIdleState
                0x0000000008005c8c       0x96 ./Drivers/STM32H7xx_HAL_Driver/Src/stm32h7xx_hal_uart.o
                0x0000000008005c8c                UART_CheckIdleState
 .text.UART_WaitOnFlagUntilTimeout
                0x0000000008005d22      0x190 ./Drivers/STM32H7xx_HAL_Driver/Src/stm32h7xx_hal_uart.o
                0x0000000008005d22                UART_WaitOnFlagUntilTimeout
 .text.HAL_UARTEx_DisableFifoMode
                0x0000000008005eb2       0x72 ./Drivers/STM32H7xx_HAL_Driver/Src/stm32h7xx_hal_uart_ex.o
                0x0000000008005eb2                HAL_UARTEx_DisableFifoMode
 .text.HAL_UARTEx_SetTxFifoThreshold
                0x0000000008005f24       0x7c ./Drivers/STM32H7xx_HAL_Driver/Src/stm32h7xx_hal_uart_ex.o
                0x0000000008005f24                HAL_UARTEx_SetTxFifoThreshold
 .text.HAL_UARTEx_SetRxFifoThreshold
                0x0000000008005fa0       0x7c ./Drivers/STM32H7xx_HAL_Driver/Src/stm32h7xx_hal_uart_ex.o
                0x0000000008005fa0                HAL_UARTEx_SetRxFifoThreshold
 .text.UARTEx_SetNbDataToProcess
                0x000000000800601c       0x9c ./Drivers/STM32H7xx_HAL_Driver/Src/stm32h7xx_hal_uart_ex.o
 .text.__libc_init_array
                0x00000000080060b8       0x48 j:/prog/st/stm32cubeide_1.9.0/stm32cubeide/plugins/com.st.stm32cube.ide.mcu.externaltools.gnu-tools-for-stm32.10.3-2021.10.win32_1.0.0.202111181127/tools/bin/../lib/gcc/arm-none-eabi/10.3.1/../../../../arm-none-eabi/lib/thumb/v7e-m+dp/hard\libc_nano.a(lib_a-init.o)
                0x00000000080060b8                __libc_init_array
 .text.memcpy   0x0000000008006100       0x1c j:/prog/st/stm32cubeide_1.9.0/stm32cubeide/plugins/com.st.stm32cube.ide.mcu.externaltools.gnu-tools-for-stm32.10.3-2021.10.win32_1.0.0.202111181127/tools/bin/../lib/gcc/arm-none-eabi/10.3.1/../../../../arm-none-eabi/lib/thumb/v7e-m+dp/hard\libc_nano.a(lib_a-memcpy-stub.o)
                0x0000000008006100                memcpy
 .text.memset   0x000000000800611c       0x10 j:/prog/st/stm32cubeide_1.9.0/stm32cubeide/plugins/com.st.stm32cube.ide.mcu.externaltools.gnu-tools-for-stm32.10.3-2021.10.win32_1.0.0.202111181127/tools/bin/../lib/gcc/arm-none-eabi/10.3.1/../../../../arm-none-eabi/lib/thumb/v7e-m+dp/hard\libc_nano.a(lib_a-memset.o)
                0x000000000800611c                memset
 *(.glue_7)
 .glue_7        0x000000000800612c        0x0 linker stubs
 *(.glue_7t)
 .glue_7t       0x000000000800612c        0x0 linker stubs
 *(.eh_frame)
 .eh_frame      0x000000000800612c        0x0 j:/prog/st/stm32cubeide_1.9.0/stm32cubeide/plugins/com.st.stm32cube.ide.mcu.externaltools.gnu-tools-for-stm32.10.3-2021.10.win32_1.0.0.202111181127/tools/bin/../lib/gcc/arm-none-eabi/10.3.1/thumb/v7e-m+dp/hard/crtbegin.o
 *(.init)
 .init          0x000000000800612c        0x4 j:/prog/st/stm32cubeide_1.9.0/stm32cubeide/plugins/com.st.stm32cube.ide.mcu.externaltools.gnu-tools-for-stm32.10.3-2021.10.win32_1.0.0.202111181127/tools/bin/../lib/gcc/arm-none-eabi/10.3.1/thumb/v7e-m+dp/hard/crti.o
                0x000000000800612c                _init
 .init          0x0000000008006130        0x8 j:/prog/st/stm32cubeide_1.9.0/stm32cubeide/plugins/com.st.stm32cube.ide.mcu.externaltools.gnu-tools-for-stm32.10.3-2021.10.win32_1.0.0.202111181127/tools/bin/../lib/gcc/arm-none-eabi/10.3.1/thumb/v7e-m+dp/hard/crtn.o
 *(.fini)
 .fini          0x0000000008006138        0x4 j:/prog/st/stm32cubeide_1.9.0/stm32cubeide/plugins/com.st.stm32cube.ide.mcu.externaltools.gnu-tools-for-stm32.10.3-2021.10.win32_1.0.0.202111181127/tools/bin/../lib/gcc/arm-none-eabi/10.3.1/thumb/v7e-m+dp/hard/crti.o
                0x0000000008006138                _fini
 .fini          0x000000000800613c        0x8 j:/prog/st/stm32cubeide_1.9.0/stm32cubeide/plugins/com.st.stm32cube.ide.mcu.externaltools.gnu-tools-for-stm32.10.3-2021.10.win32_1.0.0.202111181127/tools/bin/../lib/gcc/arm-none-eabi/10.3.1/thumb/v7e-m+dp/hard/crtn.o
                0x0000000008006144                . = ALIGN (0x4)
                0x0000000008006144                _etext = .

.vfp11_veneer   0x0000000008006144        0x0
 .vfp11_veneer  0x0000000008006144        0x0 linker stubs

.v4_bx          0x0000000008006144        0x0
 .v4_bx         0x0000000008006144        0x0 linker stubs

.iplt           0x0000000008006144        0x0
 .iplt          0x0000000008006144        0x0 j:/prog/st/stm32cubeide_1.9.0/stm32cubeide/plugins/com.st.stm32cube.ide.mcu.externaltools.gnu-tools-for-stm32.10.3-2021.10.win32_1.0.0.202111181127/tools/bin/../lib/gcc/arm-none-eabi/10.3.1/thumb/v7e-m+dp/hard/crtbegin.o

.rodata         0x0000000008006144      0x6ec
                0x0000000008006144                . = ALIGN (0x4)
 *(.rodata)
 .rodata        0x0000000008006144      0x6b1 ./Core/Src/main.o
 *(.rodata*)
 *fill*         0x00000000080067f5        0x3 
 .rodata.D1CorePrescTable
                0x00000000080067f8       0x10 ./Core/Src/system_stm32h7xx.o
                0x00000000080067f8                D1CorePrescTable
 .rodata.UARTPrescTable
                0x0000000008006808       0x18 ./Drivers/STM32H7xx_HAL_Driver/Src/stm32h7xx_hal_uart.o
                0x0000000008006808                UARTPrescTable
 .rodata.numerator.1
                0x0000000008006820        0x8 ./Drivers/STM32H7xx_HAL_Driver/Src/stm32h7xx_hal_uart_ex.o
 .rodata.denominator.0
                0x0000000008006828        0x8 ./Drivers/STM32H7xx_HAL_Driver/Src/stm32h7xx_hal_uart_ex.o
                0x0000000008006830                . = ALIGN (0x4)

.ARM.extab
 *(.ARM.extab* .gnu.linkonce.armextab.*)

.ARM            0x0000000008006830        0x8
                0x0000000008006830                __exidx_start = .
 *(.ARM.exidx*)
 .ARM.exidx     0x0000000008006830        0x8 j:/prog/st/stm32cubeide_1.9.0/stm32cubeide/plugins/com.st.stm32cube.ide.mcu.externaltools.gnu-tools-for-stm32.10.3-2021.10.win32_1.0.0.202111181127/tools/bin/../lib/gcc/arm-none-eabi/10.3.1/thumb/v7e-m+dp/hard\libgcc.a(_udivmoddi4.o)
                0x0000000008006838                __exidx_end = .

.rel.dyn        0x0000000008006838        0x0
 .rel.iplt      0x0000000008006838        0x0 j:/prog/st/stm32cubeide_1.9.0/stm32cubeide/plugins/com.st.stm32cube.ide.mcu.externaltools.gnu-tools-for-stm32.10.3-2021.10.win32_1.0.0.202111181127/tools/bin/../lib/gcc/arm-none-eabi/10.3.1/thumb/v7e-m+dp/hard/crtbegin.o

.preinit_array  0x0000000008006838        0x0
                0x0000000008006838                PROVIDE (__preinit_array_start = .)
 *(.preinit_array*)
                0x0000000008006838                PROVIDE (__preinit_array_end = .)

.init_array     0x0000000008006838        0x4
                0x0000000008006838                PROVIDE (__init_array_start = .)
 *(SORT_BY_NAME(.init_array.*))
 *(.init_array*)
 .init_array    0x0000000008006838        0x4 j:/prog/st/stm32cubeide_1.9.0/stm32cubeide/plugins/com.st.stm32cube.ide.mcu.externaltools.gnu-tools-for-stm32.10.3-2021.10.win32_1.0.0.202111181127/tools/bin/../lib/gcc/arm-none-eabi/10.3.1/thumb/v7e-m+dp/hard/crtbegin.o
                0x000000000800683c                PROVIDE (__init_array_end = .)

.fini_array     0x000000000800683c        0x4
                [!provide]                        PROVIDE (__fini_array_start = .)
 *(SORT_BY_NAME(.fini_array.*))
 *(.fini_array*)
 .fini_array    0x000000000800683c        0x4 j:/prog/st/stm32cubeide_1.9.0/stm32cubeide/plugins/com.st.stm32cube.ide.mcu.externaltools.gnu-tools-for-stm32.10.3-2021.10.win32_1.0.0.202111181127/tools/bin/../lib/gcc/arm-none-eabi/10.3.1/thumb/v7e-m+dp/hard/crtbegin.o
                [!provide]                        PROVIDE (__fini_array_end = .)
                0x0000000008006840                _sidata = LOADADDR (.data)

.data           0x0000000024000000      0x158 load address 0x0000000008006840
                0x0000000024000000                . = ALIGN (0x4)
                0x0000000024000000                _sdata = .
 *(.data)
 *(.data*)
 .data.hexdata  0x0000000024000000      0x140 ./Core/Src/main.o
                0x0000000024000000                hexdata
 .data.FirstSector
                0x0000000024000140        0x4 ./Core/Src/main.o
                0x0000000024000140                FirstSector
 .data.NbOfSectors
                0x0000000024000144        0x4 ./Core/Src/main.o
                0x0000000024000144                NbOfSectors
 .data.SystemCoreClock
                0x0000000024000148        0x4 ./Core/Src/system_stm32h7xx.o
                0x0000000024000148                SystemCoreClock
 .data.SystemD2Clock
                0x000000002400014c        0x4 ./Core/Src/system_stm32h7xx.o
                0x000000002400014c                SystemD2Clock
 .data.uwTickPrio
                0x0000000024000150        0x4 ./Drivers/STM32H7xx_HAL_Driver/Src/stm32h7xx_hal.o
                0x0000000024000150                uwTickPrio
 .data.uwTickFreq
                0x0000000024000154        0x1 ./Drivers/STM32H7xx_HAL_Driver/Src/stm32h7xx_hal.o
                0x0000000024000154                uwTickFreq
 *(.RamFunc)
 *(.RamFunc*)
                0x0000000024000158                . = ALIGN (0x4)
 *fill*         0x0000000024000155        0x3 
                0x0000000024000158                _edata = .

.igot.plt       0x0000000024000158        0x0 load address 0x0000000008006998
 .igot.plt      0x0000000024000158        0x0 j:/prog/st/stm32cubeide_1.9.0/stm32cubeide/plugins/com.st.stm32cube.ide.mcu.externaltools.gnu-tools-for-stm32.10.3-2021.10.win32_1.0.0.202111181127/tools/bin/../lib/gcc/arm-none-eabi/10.3.1/thumb/v7e-m+dp/hard/crtbegin.o

.RxDecripSection
                0x0000000024000158       0x60 load address 0x0000000008006998
 .RxDecripSection
                0x0000000024000158       0x60 ./Core/Src/main.o
                0x0000000024000158                DMARxDscrTab

.TxDecripSection
                0x00000000240001b8       0x60 load address 0x00000000080069f8
 .TxDecripSection
                0x00000000240001b8       0x60 ./Core/Src/main.o
                0x00000000240001b8                DMATxDscrTab
                0x0000000024000218                . = ALIGN (0x4)

.bss            0x0000000024000218      0x248 load address 0x0000000008006a58
                0x0000000024000218                _sbss = .
                0x0000000024000218                __bss_start__ = _sbss
 *(.bss)
 .bss           0x0000000024000218       0x1c j:/prog/st/stm32cubeide_1.9.0/stm32cubeide/plugins/com.st.stm32cube.ide.mcu.externaltools.gnu-tools-for-stm32.10.3-2021.10.win32_1.0.0.202111181127/tools/bin/../lib/gcc/arm-none-eabi/10.3.1/thumb/v7e-m+dp/hard/crtbegin.o
 *(.bss*)
 .bss.start_addr
                0x0000000024000234        0x4 ./Core/Src/hex.o
 .bss.eof_reached
                0x0000000024000238        0x1 ./Core/Src/hex.o
                0x0000000024000238                eof_reached
 *fill*         0x0000000024000239        0x3 
 .bss.TxConfig  0x000000002400023c       0x38 ./Core/Src/main.o
                0x000000002400023c                TxConfig
 .bss.hcrc      0x0000000024000274       0x24 ./Core/Src/main.o
                0x0000000024000274                hcrc
 .bss.heth      0x0000000024000298       0xb0 ./Core/Src/main.o
                0x0000000024000298                heth
 .bss.huart3    0x0000000024000348       0x90 ./Core/Src/main.o
                0x0000000024000348                huart3
 .bss.testData  0x00000000240003d8       0x28 ./Core/Src/main.o
                0x00000000240003d8                testData
 .bss.SECTORError
                0x0000000024000400        0x4 ./Core/Src/main.o
                0x0000000024000400                SECTORError
 .bss.EraseInitStruct
                0x0000000024000404       0x14 ./Core/Src/main.o
 .bss.flashdata
                0x0000000024000418       0x20 ./Core/Src/main.o
                0x0000000024000418                flashdata
 .bss.MACAddr.0
                0x0000000024000438        0x6 ./Core/Src/main.o
 *fill*         0x000000002400043e        0x2 
 .bss.uwTick    0x0000000024000440        0x4 ./Drivers/STM32H7xx_HAL_Driver/Src/stm32h7xx_hal.o
                0x0000000024000440                uwTick
 .bss.pFlash    0x0000000024000444       0x1c ./Drivers/STM32H7xx_HAL_Driver/Src/stm32h7xx_hal_flash.o
                0x0000000024000444                pFlash
 *(COMMON)
                0x0000000024000460                . = ALIGN (0x4)
                0x0000000024000460                _ebss = .
                0x0000000024000460                __bss_end__ = _ebss

._user_heap_stack
                0x0000000024000460      0x600 load address 0x0000000008006a58
                0x0000000024000460                . = ALIGN (0x8)
                [!provide]                        PROVIDE (end = .)
                0x0000000024000460                PROVIDE (_end = .)
                0x0000000024000660                . = (. + _Min_Heap_Size)
 *fill*         0x0000000024000460      0x200 
                0x0000000024000a60                . = (. + _Min_Stack_Size)
 *fill*         0x0000000024000660      0x400 
                0x0000000024000a60                . = ALIGN (0x8)

/DISCARD/
 libc.a(*)
 libm.a(*)
 libgcc.a(*)

.ARM.attributes
                0x0000000000000000       0x2e
 *(.ARM.attributes)
 .ARM.attributes
                0x0000000000000000       0x1e j:/prog/st/stm32cubeide_1.9.0/stm32cubeide/plugins/com.st.stm32cube.ide.mcu.externaltools.gnu-tools-for-stm32.10.3-2021.10.win32_1.0.0.202111181127/tools/bin/../lib/gcc/arm-none-eabi/10.3.1/thumb/v7e-m+dp/hard/crti.o
 .ARM.attributes
                0x000000000000001e       0x32 j:/prog/st/stm32cubeide_1.9.0/stm32cubeide/plugins/com.st.stm32cube.ide.mcu.externaltools.gnu-tools-for-stm32.10.3-2021.10.win32_1.0.0.202111181127/tools/bin/../lib/gcc/arm-none-eabi/10.3.1/thumb/v7e-m+dp/hard/crtbegin.o
 .ARM.attributes
                0x0000000000000050       0x32 ./Core/Src/hex.o
 .ARM.attributes
                0x0000000000000082       0x32 ./Core/Src/main.o
 .ARM.attributes
                0x00000000000000b4       0x32 ./Core/Src/stm32h7xx_hal_msp.o
 .ARM.attributes
                0x00000000000000e6       0x32 ./Core/Src/stm32h7xx_it.o
 .ARM.attributes
                0x0000000000000118       0x32 ./Core/Src/system_stm32h7xx.o
 .ARM.attributes
                0x000000000000014a       0x21 ./Core/Startup/startup_stm32h723zgtx.o
 .ARM.attributes
                0x000000000000016b       0x32 ./Drivers/STM32H7xx_HAL_Driver/Src/stm32h7xx_hal.o
 .ARM.attributes
                0x000000000000019d       0x32 ./Drivers/STM32H7xx_HAL_Driver/Src/stm32h7xx_hal_cortex.o
 .ARM.attributes
                0x00000000000001cf       0x32 ./Drivers/STM32H7xx_HAL_Driver/Src/stm32h7xx_hal_crc.o
 .ARM.attributes
                0x0000000000000201       0x32 ./Drivers/STM32H7xx_HAL_Driver/Src/stm32h7xx_hal_crc_ex.o
 .ARM.attributes
                0x0000000000000233       0x32 ./Drivers/STM32H7xx_HAL_Driver/Src/stm32h7xx_hal_eth.o
 .ARM.attributes
                0x0000000000000265       0x32 ./Drivers/STM32H7xx_HAL_Driver/Src/stm32h7xx_hal_flash.o
 .ARM.attributes
                0x0000000000000297       0x32 ./Drivers/STM32H7xx_HAL_Driver/Src/stm32h7xx_hal_flash_ex.o
 .ARM.attributes
                0x00000000000002c9       0x32 ./Drivers/STM32H7xx_HAL_Driver/Src/stm32h7xx_hal_gpio.o
 .ARM.attributes
                0x00000000000002fb       0x32 ./Drivers/STM32H7xx_HAL_Driver/Src/stm32h7xx_hal_pwr_ex.o
 .ARM.attributes
                0x000000000000032d       0x32 ./Drivers/STM32H7xx_HAL_Driver/Src/stm32h7xx_hal_rcc.o
 .ARM.attributes
                0x000000000000035f       0x32 ./Drivers/STM32H7xx_HAL_Driver/Src/stm32h7xx_hal_rcc_ex.o
 .ARM.attributes
                0x0000000000000391       0x32 ./Drivers/STM32H7xx_HAL_Driver/Src/stm32h7xx_hal_uart.o
 .ARM.attributes
                0x00000000000003c3       0x32 ./Drivers/STM32H7xx_HAL_Driver/Src/stm32h7xx_hal_uart_ex.o
 .ARM.attributes
                0x00000000000003f5       0x32 j:/prog/st/stm32cubeide_1.9.0/stm32cubeide/plugins/com.st.stm32cube.ide.mcu.externaltools.gnu-tools-for-stm32.10.3-2021.10.win32_1.0.0.202111181127/tools/bin/../lib/gcc/arm-none-eabi/10.3.1/../../../../arm-none-eabi/lib/thumb/v7e-m+dp/hard\libc_nano.a(lib_a-init.o)
 .ARM.attributes
                0x0000000000000427       0x32 j:/prog/st/stm32cubeide_1.9.0/stm32cubeide/plugins/com.st.stm32cube.ide.mcu.externaltools.gnu-tools-for-stm32.10.3-2021.10.win32_1.0.0.202111181127/tools/bin/../lib/gcc/arm-none-eabi/10.3.1/../../../../arm-none-eabi/lib/thumb/v7e-m+dp/hard\libc_nano.a(lib_a-memcpy-stub.o)
 .ARM.attributes
                0x0000000000000459       0x32 j:/prog/st/stm32cubeide_1.9.0/stm32cubeide/plugins/com.st.stm32cube.ide.mcu.externaltools.gnu-tools-for-stm32.10.3-2021.10.win32_1.0.0.202111181127/tools/bin/../lib/gcc/arm-none-eabi/10.3.1/../../../../arm-none-eabi/lib/thumb/v7e-m+dp/hard\libc_nano.a(lib_a-memset.o)
 .ARM.attributes
                0x000000000000048b       0x1e j:/prog/st/stm32cubeide_1.9.0/stm32cubeide/plugins/com.st.stm32cube.ide.mcu.externaltools.gnu-tools-for-stm32.10.3-2021.10.win32_1.0.0.202111181127/tools/bin/../lib/gcc/arm-none-eabi/10.3.1/thumb/v7e-m+dp/hard\libgcc.a(_aeabi_uldivmod.o)
 .ARM.attributes
                0x00000000000004a9       0x32 j:/prog/st/stm32cubeide_1.9.0/stm32cubeide/plugins/com.st.stm32cube.ide.mcu.externaltools.gnu-tools-for-stm32.10.3-2021.10.win32_1.0.0.202111181127/tools/bin/../lib/gcc/arm-none-eabi/10.3.1/thumb/v7e-m+dp/hard\libgcc.a(_udivmoddi4.o)
 .ARM.attributes
                0x00000000000004db       0x1e j:/prog/st/stm32cubeide_1.9.0/stm32cubeide/plugins/com.st.stm32cube.ide.mcu.externaltools.gnu-tools-for-stm32.10.3-2021.10.win32_1.0.0.202111181127/tools/bin/../lib/gcc/arm-none-eabi/10.3.1/thumb/v7e-m+dp/hard\libgcc.a(_dvmd_tls.o)
 .ARM.attributes
                0x00000000000004f9       0x1e j:/prog/st/stm32cubeide_1.9.0/stm32cubeide/plugins/com.st.stm32cube.ide.mcu.externaltools.gnu-tools-for-stm32.10.3-2021.10.win32_1.0.0.202111181127/tools/bin/../lib/gcc/arm-none-eabi/10.3.1/thumb/v7e-m+dp/hard/crtn.o
OUTPUT(stm32_cw.elf elf32-littlearm)
LOAD linker stubs
LOAD j:/prog/st/stm32cubeide_1.9.0/stm32cubeide/plugins/com.st.stm32cube.ide.mcu.externaltools.gnu-tools-for-stm32.10.3-2021.10.win32_1.0.0.202111181127/tools/bin/../lib/gcc/arm-none-eabi/10.3.1/../../../../arm-none-eabi/lib/thumb/v7e-m+dp/hard\libc.a
LOAD j:/prog/st/stm32cubeide_1.9.0/stm32cubeide/plugins/com.st.stm32cube.ide.mcu.externaltools.gnu-tools-for-stm32.10.3-2021.10.win32_1.0.0.202111181127/tools/bin/../lib/gcc/arm-none-eabi/10.3.1/../../../../arm-none-eabi/lib/thumb/v7e-m+dp/hard\libm.a
LOAD j:/prog/st/stm32cubeide_1.9.0/stm32cubeide/plugins/com.st.stm32cube.ide.mcu.externaltools.gnu-tools-for-stm32.10.3-2021.10.win32_1.0.0.202111181127/tools/bin/../lib/gcc/arm-none-eabi/10.3.1/thumb/v7e-m+dp/hard\libgcc.a

.debug_info     0x0000000000000000    0x163a8
 .debug_info    0x0000000000000000      0x40e ./Core/Src/hex.o
 .debug_info    0x000000000000040e     0x268c ./Core/Src/main.o
 .debug_info    0x0000000000002a9a     0x2213 ./Core/Src/stm32h7xx_hal_msp.o
 .debug_info    0x0000000000004cad      0x137 ./Core/Src/stm32h7xx_it.o
 .debug_info    0x0000000000004de4      0xb45 ./Core/Src/system_stm32h7xx.o
 .debug_info    0x0000000000005929       0x22 ./Core/Startup/startup_stm32h723zgtx.o
 .debug_info    0x000000000000594b     0x1746 ./Drivers/STM32H7xx_HAL_Driver/Src/stm32h7xx_hal.o
 .debug_info    0x0000000000007091     0x1161 ./Drivers/STM32H7xx_HAL_Driver/Src/stm32h7xx_hal_cortex.o
 .debug_info    0x00000000000081f2      0x570 ./Drivers/STM32H7xx_HAL_Driver/Src/stm32h7xx_hal_crc.o
 .debug_info    0x0000000000008762      0x36b ./Drivers/STM32H7xx_HAL_Driver/Src/stm32h7xx_hal_crc_ex.o
 .debug_info    0x0000000000008acd     0x2b44 ./Drivers/STM32H7xx_HAL_Driver/Src/stm32h7xx_hal_eth.o
 .debug_info    0x000000000000b611      0x7f6 ./Drivers/STM32H7xx_HAL_Driver/Src/stm32h7xx_hal_flash.o
 .debug_info    0x000000000000be07      0xcc9 ./Drivers/STM32H7xx_HAL_Driver/Src/stm32h7xx_hal_flash_ex.o
 .debug_info    0x000000000000cad0      0xd37 ./Drivers/STM32H7xx_HAL_Driver/Src/stm32h7xx_hal_gpio.o
 .debug_info    0x000000000000d807      0xe71 ./Drivers/STM32H7xx_HAL_Driver/Src/stm32h7xx_hal_pwr_ex.o
 .debug_info    0x000000000000e678      0xe4a ./Drivers/STM32H7xx_HAL_Driver/Src/stm32h7xx_hal_rcc.o
 .debug_info    0x000000000000f4c2     0x1299 ./Drivers/STM32H7xx_HAL_Driver/Src/stm32h7xx_hal_rcc_ex.o
 .debug_info    0x000000000001075b     0x4c42 ./Drivers/STM32H7xx_HAL_Driver/Src/stm32h7xx_hal_uart.o
 .debug_info    0x000000000001539d     0x100b ./Drivers/STM32H7xx_HAL_Driver/Src/stm32h7xx_hal_uart_ex.o

.debug_abbrev   0x0000000000000000     0x27b7
 .debug_abbrev  0x0000000000000000      0x157 ./Core/Src/hex.o
 .debug_abbrev  0x0000000000000157      0x2ee ./Core/Src/main.o
 .debug_abbrev  0x0000000000000445      0x267 ./Core/Src/stm32h7xx_hal_msp.o
 .debug_abbrev  0x00000000000006ac       0x74 ./Core/Src/stm32h7xx_it.o
 .debug_abbrev  0x0000000000000720      0x136 ./Core/Src/system_stm32h7xx.o
 .debug_abbrev  0x0000000000000856       0x12 ./Core/Startup/startup_stm32h723zgtx.o
 .debug_abbrev  0x0000000000000868      0x292 ./Drivers/STM32H7xx_HAL_Driver/Src/stm32h7xx_hal.o
 .debug_abbrev  0x0000000000000afa      0x329 ./Drivers/STM32H7xx_HAL_Driver/Src/stm32h7xx_hal_cortex.o
 .debug_abbrev  0x0000000000000e23      0x1d8 ./Drivers/STM32H7xx_HAL_Driver/Src/stm32h7xx_hal_crc.o
 .debug_abbrev  0x0000000000000ffb      0x146 ./Drivers/STM32H7xx_HAL_Driver/Src/stm32h7xx_hal_crc_ex.o
 .debug_abbrev  0x0000000000001141      0x2bd ./Drivers/STM32H7xx_HAL_Driver/Src/stm32h7xx_hal_eth.o
 .debug_abbrev  0x00000000000013fe      0x23d ./Drivers/STM32H7xx_HAL_Driver/Src/stm32h7xx_hal_flash.o
 .debug_abbrev  0x000000000000163b      0x22d ./Drivers/STM32H7xx_HAL_Driver/Src/stm32h7xx_hal_flash_ex.o
 .debug_abbrev  0x0000000000001868      0x1ec ./Drivers/STM32H7xx_HAL_Driver/Src/stm32h7xx_hal_gpio.o
 .debug_abbrev  0x0000000000001a54      0x27e ./Drivers/STM32H7xx_HAL_Driver/Src/stm32h7xx_hal_pwr_ex.o
 .debug_abbrev  0x0000000000001cd2      0x2a7 ./Drivers/STM32H7xx_HAL_Driver/Src/stm32h7xx_hal_rcc.o
 .debug_abbrev  0x0000000000001f79      0x25c ./Drivers/STM32H7xx_HAL_Driver/Src/stm32h7xx_hal_rcc_ex.o
 .debug_abbrev  0x00000000000021d5      0x325 ./Drivers/STM32H7xx_HAL_Driver/Src/stm32h7xx_hal_uart.o
 .debug_abbrev  0x00000000000024fa      0x2bd ./Drivers/STM32H7xx_HAL_Driver/Src/stm32h7xx_hal_uart_ex.o

.debug_aranges  0x0000000000000000      0xe80
 .debug_aranges
                0x0000000000000000       0x40 ./Core/Src/hex.o
 .debug_aranges
                0x0000000000000040       0x58 ./Core/Src/main.o
 .debug_aranges
                0x0000000000000098       0x50 ./Core/Src/stm32h7xx_hal_msp.o
 .debug_aranges
                0x00000000000000e8       0x60 ./Core/Src/stm32h7xx_it.o
 .debug_aranges
                0x0000000000000148       0x28 ./Core/Src/system_stm32h7xx.o
 .debug_aranges
                0x0000000000000170       0x28 ./Core/Startup/startup_stm32h723zgtx.o
 .debug_aranges
                0x0000000000000198      0x1c8 ./Drivers/STM32H7xx_HAL_Driver/Src/stm32h7xx_hal.o
 .debug_aranges
                0x0000000000000360      0x120 ./Drivers/STM32H7xx_HAL_Driver/Src/stm32h7xx_hal_cortex.o
 .debug_aranges
                0x0000000000000480       0x60 ./Drivers/STM32H7xx_HAL_Driver/Src/stm32h7xx_hal_crc.o
 .debug_aranges
                0x00000000000004e0       0x30 ./Drivers/STM32H7xx_HAL_Driver/Src/stm32h7xx_hal_crc_ex.o
 .debug_aranges
                0x0000000000000510      0x1d8 ./Drivers/STM32H7xx_HAL_Driver/Src/stm32h7xx_hal_eth.o
 .debug_aranges
                0x00000000000006e8       0x88 ./Drivers/STM32H7xx_HAL_Driver/Src/stm32h7xx_hal_flash.o
 .debug_aranges
                0x0000000000000770      0x108 ./Drivers/STM32H7xx_HAL_Driver/Src/stm32h7xx_hal_flash_ex.o
 .debug_aranges
                0x0000000000000878       0x58 ./Drivers/STM32H7xx_HAL_Driver/Src/stm32h7xx_hal_gpio.o
 .debug_aranges
                0x00000000000008d0      0x148 ./Drivers/STM32H7xx_HAL_Driver/Src/stm32h7xx_hal_pwr_ex.o
 .debug_aranges
                0x0000000000000a18       0x88 ./Drivers/STM32H7xx_HAL_Driver/Src/stm32h7xx_hal_rcc.o
 .debug_aranges
                0x0000000000000aa0       0xf8 ./Drivers/STM32H7xx_HAL_Driver/Src/stm32h7xx_hal_rcc_ex.o
 .debug_aranges
                0x0000000000000b98      0x248 ./Drivers/STM32H7xx_HAL_Driver/Src/stm32h7xx_hal_uart.o
 .debug_aranges
                0x0000000000000de0       0xa0 ./Drivers/STM32H7xx_HAL_Driver/Src/stm32h7xx_hal_uart_ex.o

.debug_ranges   0x0000000000000000      0xd88
 .debug_ranges  0x0000000000000000       0x30 ./Core/Src/hex.o
 .debug_ranges  0x0000000000000030       0x48 ./Core/Src/main.o
 .debug_ranges  0x0000000000000078       0x40 ./Core/Src/stm32h7xx_hal_msp.o
 .debug_ranges  0x00000000000000b8       0x50 ./Core/Src/stm32h7xx_it.o
 .debug_ranges  0x0000000000000108       0x18 ./Core/Src/system_stm32h7xx.o
 .debug_ranges  0x0000000000000120       0x20 ./Core/Startup/startup_stm32h723zgtx.o
 .debug_ranges  0x0000000000000140      0x1b8 ./Drivers/STM32H7xx_HAL_Driver/Src/stm32h7xx_hal.o
 .debug_ranges  0x00000000000002f8      0x110 ./Drivers/STM32H7xx_HAL_Driver/Src/stm32h7xx_hal_cortex.o
 .debug_ranges  0x0000000000000408       0x50 ./Drivers/STM32H7xx_HAL_Driver/Src/stm32h7xx_hal_crc.o
 .debug_ranges  0x0000000000000458       0x20 ./Drivers/STM32H7xx_HAL_Driver/Src/stm32h7xx_hal_crc_ex.o
 .debug_ranges  0x0000000000000478      0x1c8 ./Drivers/STM32H7xx_HAL_Driver/Src/stm32h7xx_hal_eth.o
 .debug_ranges  0x0000000000000640       0x78 ./Drivers/STM32H7xx_HAL_Driver/Src/stm32h7xx_hal_flash.o
 .debug_ranges  0x00000000000006b8       0xf8 ./Drivers/STM32H7xx_HAL_Driver/Src/stm32h7xx_hal_flash_ex.o
 .debug_ranges  0x00000000000007b0       0x48 ./Drivers/STM32H7xx_HAL_Driver/Src/stm32h7xx_hal_gpio.o
 .debug_ranges  0x00000000000007f8      0x138 ./Drivers/STM32H7xx_HAL_Driver/Src/stm32h7xx_hal_pwr_ex.o
 .debug_ranges  0x0000000000000930       0x78 ./Drivers/STM32H7xx_HAL_Driver/Src/stm32h7xx_hal_rcc.o
 .debug_ranges  0x00000000000009a8       0xe8 ./Drivers/STM32H7xx_HAL_Driver/Src/stm32h7xx_hal_rcc_ex.o
 .debug_ranges  0x0000000000000a90      0x268 ./Drivers/STM32H7xx_HAL_Driver/Src/stm32h7xx_hal_uart.o
 .debug_ranges  0x0000000000000cf8       0x90 ./Drivers/STM32H7xx_HAL_Driver/Src/stm32h7xx_hal_uart_ex.o

.debug_macro    0x0000000000000000    0x32f4c
 .debug_macro   0x0000000000000000      0x305 ./Core/Src/hex.o
 .debug_macro   0x0000000000000305      0xa90 ./Core/Src/hex.o
 .debug_macro   0x0000000000000d95      0x23e ./Core/Src/hex.o
 .debug_macro   0x0000000000000fd3       0x2e ./Core/Src/hex.o
 .debug_macro   0x0000000000001001       0x3b ./Core/Src/hex.o
 .debug_macro   0x000000000000103c       0x22 ./Core/Src/hex.o
 .debug_macro   0x000000000000105e       0x8e ./Core/Src/hex.o
 .debug_macro   0x00000000000010ec       0x51 ./Core/Src/hex.o
 .debug_macro   0x000000000000113d      0x103 ./Core/Src/hex.o
 .debug_macro   0x0000000000001240       0x6a ./Core/Src/hex.o
 .debug_macro   0x00000000000012aa      0x1df ./Core/Src/hex.o
 .debug_macro   0x0000000000001489       0x1c ./Core/Src/hex.o
 .debug_macro   0x00000000000014a5       0x22 ./Core/Src/hex.o
 .debug_macro   0x00000000000014c7       0xfb ./Core/Src/hex.o
 .debug_macro   0x00000000000015c2     0x1305 ./Core/Src/hex.o
 .debug_macro   0x00000000000028c7      0x11f ./Core/Src/hex.o
 .debug_macro   0x00000000000029e6       0x27 ./Core/Src/hex.o
 .debug_macro   0x0000000000002a0d    0x211d1 ./Core/Src/hex.o
 .debug_macro   0x0000000000023bde       0x6d ./Core/Src/hex.o
 .debug_macro   0x0000000000023c4b     0x3d0d ./Core/Src/hex.o
 .debug_macro   0x0000000000027958      0x174 ./Core/Src/hex.o
 .debug_macro   0x0000000000027acc       0x52 ./Core/Src/hex.o
 .debug_macro   0x0000000000027b1e       0x1d ./Core/Src/hex.o
 .debug_macro   0x0000000000027b3b       0x3c ./Core/Src/hex.o
 .debug_macro   0x0000000000027b77       0x34 ./Core/Src/hex.o
 .debug_macro   0x0000000000027bab       0x16 ./Core/Src/hex.o
 .debug_macro   0x0000000000027bc1       0x43 ./Core/Src/hex.o
 .debug_macro   0x0000000000027c04       0x34 ./Core/Src/hex.o
 .debug_macro   0x0000000000027c38       0x10 ./Core/Src/hex.o
 .debug_macro   0x0000000000027c48       0x58 ./Core/Src/hex.o
 .debug_macro   0x0000000000027ca0       0x71 ./Core/Src/hex.o
 .debug_macro   0x0000000000027d11       0x1c ./Core/Src/hex.o
 .debug_macro   0x0000000000027d2d      0x12a ./Core/Src/hex.o
 .debug_macro   0x0000000000027e57      0x341 ./Core/Src/hex.o
 .debug_macro   0x0000000000028198      0x19b ./Core/Src/hex.o
 .debug_macro   0x0000000000028333       0x5d ./Core/Src/hex.o
 .debug_macro   0x0000000000028390     0x2462 ./Core/Src/hex.o
 .debug_macro   0x000000000002a7f2     0x104f ./Core/Src/hex.o
 .debug_macro   0x000000000002b841      0x14d ./Core/Src/hex.o
 .debug_macro   0x000000000002b98e      0x114 ./Core/Src/hex.o
 .debug_macro   0x000000000002baa2      0x3f8 ./Core/Src/hex.o
 .debug_macro   0x000000000002be9a       0xac ./Core/Src/hex.o
 .debug_macro   0x000000000002bf46      0x788 ./Core/Src/hex.o
 .debug_macro   0x000000000002c6ce      0x228 ./Core/Src/hex.o
 .debug_macro   0x000000000002c8f6       0x66 ./Core/Src/hex.o
 .debug_macro   0x000000000002c95c      0x3a6 ./Core/Src/hex.o
 .debug_macro   0x000000000002cd02      0xa80 ./Core/Src/hex.o
 .debug_macro   0x000000000002d782      0x129 ./Core/Src/hex.o
 .debug_macro   0x000000000002d8ab      0x3f9 ./Core/Src/hex.o
 .debug_macro   0x000000000002dca4      0x275 ./Core/Src/hex.o
 .debug_macro   0x000000000002df19       0xc7 ./Core/Src/hex.o
 .debug_macro   0x000000000002dfe0       0x4c ./Core/Src/hex.o
 .debug_macro   0x000000000002e02c      0x3ca ./Core/Src/hex.o
 .debug_macro   0x000000000002e3f6      0x45c ./Core/Src/hex.o
 .debug_macro   0x000000000002e852       0x3c ./Core/Src/hex.o
 .debug_macro   0x000000000002e88e       0x4a ./Core/Src/hex.o
 .debug_macro   0x000000000002e8d8      0x22c ./Core/Src/hex.o
 .debug_macro   0x000000000002eb04       0x67 ./Core/Src/hex.o
 .debug_macro   0x000000000002eb6b       0xa5 ./Core/Src/hex.o
 .debug_macro   0x000000000002ec10      0x1c4 ./Core/Src/hex.o
 .debug_macro   0x000000000002edd4      0x22a ./Core/Src/hex.o
 .debug_macro   0x000000000002effe       0x35 ./Core/Src/hex.o
 .debug_macro   0x000000000002f033      0x67e ./Core/Src/hex.o
 .debug_macro   0x000000000002f6b1       0xa6 ./Core/Src/hex.o
 .debug_macro   0x000000000002f757      0x5e6 ./Core/Src/hex.o
 .debug_macro   0x000000000002fd3d      0x130 ./Core/Src/hex.o
 .debug_macro   0x000000000002fe6d       0x16 ./Core/Src/hex.o
 .debug_macro   0x000000000002fe83       0x35 ./Core/Src/hex.o
 .debug_macro   0x000000000002feb8       0x20 ./Core/Src/hex.o
 .debug_macro   0x000000000002fed8      0x309 ./Core/Src/main.o
 .debug_macro   0x00000000000301e1      0x2cb ./Core/Src/stm32h7xx_hal_msp.o
 .debug_macro   0x00000000000304ac      0x2d5 ./Core/Src/stm32h7xx_it.o
 .debug_macro   0x0000000000030781      0x2bc ./Core/Src/system_stm32h7xx.o
 .debug_macro   0x0000000000030a3d      0x2e6 ./Drivers/STM32H7xx_HAL_Driver/Src/stm32h7xx_hal.o
 .debug_macro   0x0000000000030d23      0x2bc ./Drivers/STM32H7xx_HAL_Driver/Src/stm32h7xx_hal_cortex.o
 .debug_macro   0x0000000000030fdf      0x2bc ./Drivers/STM32H7xx_HAL_Driver/Src/stm32h7xx_hal_crc.o
 .debug_macro   0x000000000003129b      0x2bc ./Drivers/STM32H7xx_HAL_Driver/Src/stm32h7xx_hal_crc_ex.o
 .debug_macro   0x0000000000031557      0x350 ./Drivers/STM32H7xx_HAL_Driver/Src/stm32h7xx_hal_eth.o
 .debug_macro   0x00000000000318a7      0x2c2 ./Drivers/STM32H7xx_HAL_Driver/Src/stm32h7xx_hal_flash.o
 .debug_macro   0x0000000000031b69      0x2c2 ./Drivers/STM32H7xx_HAL_Driver/Src/stm32h7xx_hal_flash_ex.o
 .debug_macro   0x0000000000031e2b      0x2c3 ./Drivers/STM32H7xx_HAL_Driver/Src/stm32h7xx_hal_gpio.o
 .debug_macro   0x00000000000320ee      0x2f5 ./Drivers/STM32H7xx_HAL_Driver/Src/stm32h7xx_hal_pwr_ex.o
 .debug_macro   0x00000000000323e3      0x2e0 ./Drivers/STM32H7xx_HAL_Driver/Src/stm32h7xx_hal_rcc.o
 .debug_macro   0x00000000000326c3      0x2da ./Drivers/STM32H7xx_HAL_Driver/Src/stm32h7xx_hal_rcc_ex.o
 .debug_macro   0x000000000003299d      0x2e7 ./Drivers/STM32H7xx_HAL_Driver/Src/stm32h7xx_hal_uart.o
 .debug_macro   0x0000000000032c84      0x2c8 ./Drivers/STM32H7xx_HAL_Driver/Src/stm32h7xx_hal_uart_ex.o

.debug_line     0x0000000000000000    0x135c4
 .debug_line    0x0000000000000000      0xb04 ./Core/Src/hex.o
 .debug_line    0x0000000000000b04      0xb5a ./Core/Src/main.o
 .debug_line    0x000000000000165e      0x9b1 ./Core/Src/stm32h7xx_hal_msp.o
 .debug_line    0x000000000000200f      0x953 ./Core/Src/stm32h7xx_it.o
 .debug_line    0x0000000000002962      0xa35 ./Core/Src/system_stm32h7xx.o
 .debug_line    0x0000000000003397       0x88 ./Core/Startup/startup_stm32h723zgtx.o
 .debug_line    0x000000000000341f      0xecf ./Drivers/STM32H7xx_HAL_Driver/Src/stm32h7xx_hal.o
 .debug_line    0x00000000000042ee      0xe44 ./Drivers/STM32H7xx_HAL_Driver/Src/stm32h7xx_hal_cortex.o
 .debug_line    0x0000000000005132      0xbd1 ./Drivers/STM32H7xx_HAL_Driver/Src/stm32h7xx_hal_crc.o
 .debug_line    0x0000000000005d03      0x946 ./Drivers/STM32H7xx_HAL_Driver/Src/stm32h7xx_hal_crc_ex.o
 .debug_line    0x0000000000006649     0x1b84 ./Drivers/STM32H7xx_HAL_Driver/Src/stm32h7xx_hal_eth.o
 .debug_line    0x00000000000081cd      0xcc4 ./Drivers/STM32H7xx_HAL_Driver/Src/stm32h7xx_hal_flash.o
 .debug_line    0x0000000000008e91      0xfd0 ./Drivers/STM32H7xx_HAL_Driver/Src/stm32h7xx_hal_flash_ex.o
 .debug_line    0x0000000000009e61      0xced ./Drivers/STM32H7xx_HAL_Driver/Src/stm32h7xx_hal_gpio.o
 .debug_line    0x000000000000ab4e      0xeb3 ./Drivers/STM32H7xx_HAL_Driver/Src/stm32h7xx_hal_pwr_ex.o
 .debug_line    0x000000000000ba01     0x1313 ./Drivers/STM32H7xx_HAL_Driver/Src/stm32h7xx_hal_rcc.o
 .debug_line    0x000000000000cd14     0x1a8c ./Drivers/STM32H7xx_HAL_Driver/Src/stm32h7xx_hal_rcc_ex.o
 .debug_line    0x000000000000e7a0     0x3f08 ./Drivers/STM32H7xx_HAL_Driver/Src/stm32h7xx_hal_uart.o
 .debug_line    0x00000000000126a8      0xf1c ./Drivers/STM32H7xx_HAL_Driver/Src/stm32h7xx_hal_uart_ex.o

.debug_str      0x0000000000000000   0x146f2f
 .debug_str     0x0000000000000000   0x140796 ./Core/Src/hex.o
                                     0x140be7 (size before relaxing)
 .debug_str     0x0000000000140796     0x1687 ./Core/Src/main.o
                                     0x1422f9 (size before relaxing)
 .debug_str     0x0000000000141e1d      0x396 ./Core/Src/stm32h7xx_hal_msp.o
                                     0x1420c7 (size before relaxing)
 .debug_str     0x00000000001421b3       0xc9 ./Core/Src/stm32h7xx_it.o
                                     0x140b33 (size before relaxing)
 .debug_str     0x000000000014227c      0x29a ./Core/Src/system_stm32h7xx.o
                                     0x140a85 (size before relaxing)
 .debug_str     0x0000000000142516       0x36 ./Core/Startup/startup_stm32h723zgtx.o
                                         0x62 (size before relaxing)
 .debug_str     0x000000000014254c     0x1108 ./Drivers/STM32H7xx_HAL_Driver/Src/stm32h7xx_hal.o
                                     0x141b0f (size before relaxing)
 .debug_str     0x0000000000143654      0x35a ./Drivers/STM32H7xx_HAL_Driver/Src/stm32h7xx_hal_cortex.o
                                     0x1413f1 (size before relaxing)
 .debug_str     0x00000000001439ae       0xc6 ./Drivers/STM32H7xx_HAL_Driver/Src/stm32h7xx_hal_crc.o
                                     0x14087a (size before relaxing)
 .debug_str     0x0000000000143a74       0x69 ./Drivers/STM32H7xx_HAL_Driver/Src/stm32h7xx_hal_crc_ex.o
                                     0x140820 (size before relaxing)
 .debug_str     0x0000000000143add     0x10b6 ./Drivers/STM32H7xx_HAL_Driver/Src/stm32h7xx_hal_eth.o
                                     0x142420 (size before relaxing)
 .debug_str     0x0000000000144b93      0x31d ./Drivers/STM32H7xx_HAL_Driver/Src/stm32h7xx_hal_flash.o
                                     0x140a81 (size before relaxing)
 .debug_str     0x0000000000144eb0      0x474 ./Drivers/STM32H7xx_HAL_Driver/Src/stm32h7xx_hal_flash_ex.o
                                     0x140d98 (size before relaxing)
 .debug_str     0x0000000000145324       0xec ./Drivers/STM32H7xx_HAL_Driver/Src/stm32h7xx_hal_gpio.o
                                     0x140ad0 (size before relaxing)
 .debug_str     0x0000000000145410      0x5ee ./Drivers/STM32H7xx_HAL_Driver/Src/stm32h7xx_hal_pwr_ex.o
                                     0x140ed8 (size before relaxing)
 .debug_str     0x00000000001459fe      0x21a ./Drivers/STM32H7xx_HAL_Driver/Src/stm32h7xx_hal_rcc.o
                                     0x140e53 (size before relaxing)
 .debug_str     0x0000000000145c18      0x64b ./Drivers/STM32H7xx_HAL_Driver/Src/stm32h7xx_hal_rcc_ex.o
                                     0x141342 (size before relaxing)
 .debug_str     0x0000000000146263      0xa85 ./Drivers/STM32H7xx_HAL_Driver/Src/stm32h7xx_hal_uart.o
                                     0x1419cb (size before relaxing)
 .debug_str     0x0000000000146ce8      0x247 ./Drivers/STM32H7xx_HAL_Driver/Src/stm32h7xx_hal_uart_ex.o
                                     0x140f71 (size before relaxing)

.comment        0x0000000000000000       0x50
 .comment       0x0000000000000000       0x50 ./Core/Src/hex.o
                                         0x51 (size before relaxing)
 .comment       0x0000000000000050       0x51 ./Core/Src/main.o
 .comment       0x0000000000000050       0x51 ./Core/Src/stm32h7xx_hal_msp.o
 .comment       0x0000000000000050       0x51 ./Core/Src/stm32h7xx_it.o
 .comment       0x0000000000000050       0x51 ./Core/Src/system_stm32h7xx.o
 .comment       0x0000000000000050       0x51 ./Drivers/STM32H7xx_HAL_Driver/Src/stm32h7xx_hal.o
 .comment       0x0000000000000050       0x51 ./Drivers/STM32H7xx_HAL_Driver/Src/stm32h7xx_hal_cortex.o
 .comment       0x0000000000000050       0x51 ./Drivers/STM32H7xx_HAL_Driver/Src/stm32h7xx_hal_crc.o
 .comment       0x0000000000000050       0x51 ./Drivers/STM32H7xx_HAL_Driver/Src/stm32h7xx_hal_crc_ex.o
 .comment       0x0000000000000050       0x51 ./Drivers/STM32H7xx_HAL_Driver/Src/stm32h7xx_hal_eth.o
 .comment       0x0000000000000050       0x51 ./Drivers/STM32H7xx_HAL_Driver/Src/stm32h7xx_hal_flash.o
 .comment       0x0000000000000050       0x51 ./Drivers/STM32H7xx_HAL_Driver/Src/stm32h7xx_hal_flash_ex.o
 .comment       0x0000000000000050       0x51 ./Drivers/STM32H7xx_HAL_Driver/Src/stm32h7xx_hal_gpio.o
 .comment       0x0000000000000050       0x51 ./Drivers/STM32H7xx_HAL_Driver/Src/stm32h7xx_hal_pwr_ex.o
 .comment       0x0000000000000050       0x51 ./Drivers/STM32H7xx_HAL_Driver/Src/stm32h7xx_hal_rcc.o
 .comment       0x0000000000000050       0x51 ./Drivers/STM32H7xx_HAL_Driver/Src/stm32h7xx_hal_rcc_ex.o
 .comment       0x0000000000000050       0x51 ./Drivers/STM32H7xx_HAL_Driver/Src/stm32h7xx_hal_uart.o
 .comment       0x0000000000000050       0x51 ./Drivers/STM32H7xx_HAL_Driver/Src/stm32h7xx_hal_uart_ex.o

.debug_frame    0x0000000000000000     0x3be8
 .debug_frame   0x0000000000000000       0xcc ./Core/Src/hex.o
 .debug_frame   0x00000000000000cc      0x104 ./Core/Src/main.o
 .debug_frame   0x00000000000001d0      0x11c ./Core/Src/stm32h7xx_hal_msp.o
 .debug_frame   0x00000000000002ec      0x104 ./Core/Src/stm32h7xx_it.o
 .debug_frame   0x00000000000003f0       0x58 ./Core/Src/system_stm32h7xx.o
 .debug_frame   0x0000000000000448      0x760 ./Drivers/STM32H7xx_HAL_Driver/Src/stm32h7xx_hal.o
 .debug_frame   0x0000000000000ba8      0x4b8 ./Drivers/STM32H7xx_HAL_Driver/Src/stm32h7xx_hal_cortex.o
 .debug_frame   0x0000000000001060      0x168 ./Drivers/STM32H7xx_HAL_Driver/Src/stm32h7xx_hal_crc.o
 .debug_frame   0x00000000000011c8       0x88 ./Drivers/STM32H7xx_HAL_Driver/Src/stm32h7xx_hal_crc_ex.o
 .debug_frame   0x0000000000001250      0x898 ./Drivers/STM32H7xx_HAL_Driver/Src/stm32h7xx_hal_eth.o
 .debug_frame   0x0000000000001ae8      0x1fc ./Drivers/STM32H7xx_HAL_Driver/Src/stm32h7xx_hal_flash.o
 .debug_frame   0x0000000000001ce4      0x484 ./Drivers/STM32H7xx_HAL_Driver/Src/stm32h7xx_hal_flash_ex.o
 .debug_frame   0x0000000000002168      0x14c ./Drivers/STM32H7xx_HAL_Driver/Src/stm32h7xx_hal_gpio.o
 .debug_frame   0x00000000000022b4      0x540 ./Drivers/STM32H7xx_HAL_Driver/Src/stm32h7xx_hal_pwr_ex.o
 .debug_frame   0x00000000000027f4      0x1fc ./Drivers/STM32H7xx_HAL_Driver/Src/stm32h7xx_hal_rcc.o
 .debug_frame   0x00000000000029f0      0x3f4 ./Drivers/STM32H7xx_HAL_Driver/Src/stm32h7xx_hal_rcc_ex.o
 .debug_frame   0x0000000000002de4      0xa94 ./Drivers/STM32H7xx_HAL_Driver/Src/stm32h7xx_hal_uart.o
 .debug_frame   0x0000000000003878      0x29c ./Drivers/STM32H7xx_HAL_Driver/Src/stm32h7xx_hal_uart_ex.o
 .debug_frame   0x0000000000003b14       0x2c j:/prog/st/stm32cubeide_1.9.0/stm32cubeide/plugins/com.st.stm32cube.ide.mcu.externaltools.gnu-tools-for-stm32.10.3-2021.10.win32_1.0.0.202111181127/tools/bin/../lib/gcc/arm-none-eabi/10.3.1/../../../../arm-none-eabi/lib/thumb/v7e-m+dp/hard\libc_nano.a(lib_a-init.o)
 .debug_frame   0x0000000000003b40       0x28 j:/prog/st/stm32cubeide_1.9.0/stm32cubeide/plugins/com.st.stm32cube.ide.mcu.externaltools.gnu-tools-for-stm32.10.3-2021.10.win32_1.0.0.202111181127/tools/bin/../lib/gcc/arm-none-eabi/10.3.1/../../../../arm-none-eabi/lib/thumb/v7e-m+dp/hard\libc_nano.a(lib_a-memcpy-stub.o)
 .debug_frame   0x0000000000003b68       0x20 j:/prog/st/stm32cubeide_1.9.0/stm32cubeide/plugins/com.st.stm32cube.ide.mcu.externaltools.gnu-tools-for-stm32.10.3-2021.10.win32_1.0.0.202111181127/tools/bin/../lib/gcc/arm-none-eabi/10.3.1/../../../../arm-none-eabi/lib/thumb/v7e-m+dp/hard\libc_nano.a(lib_a-memset.o)
 .debug_frame   0x0000000000003b88       0x2c j:/prog/st/stm32cubeide_1.9.0/stm32cubeide/plugins/com.st.stm32cube.ide.mcu.externaltools.gnu-tools-for-stm32.10.3-2021.10.win32_1.0.0.202111181127/tools/bin/../lib/gcc/arm-none-eabi/10.3.1/thumb/v7e-m+dp/hard\libgcc.a(_aeabi_uldivmod.o)
 .debug_frame   0x0000000000003bb4       0x34 j:/prog/st/stm32cubeide_1.9.0/stm32cubeide/plugins/com.st.stm32cube.ide.mcu.externaltools.gnu-tools-for-stm32.10.3-2021.10.win32_1.0.0.202111181127/tools/bin/../lib/gcc/arm-none-eabi/10.3.1/thumb/v7e-m+dp/hard\libgcc.a(_udivmoddi4.o)
